[carrental.themeinjection.com/theme/index.html]
[backblue.gif]
[fade.gif]
[index.html]
[carrental.themeinjection.com/theme/css/bootstrap.min.css]
[carrental.themeinjection.com/theme/css/animate.css]
[carrental.themeinjection.com/theme/css/font-awesome.min.css]
[carrental.themeinjection.com/theme/css/datepicker.css]
[carrental.themeinjection.com/theme/css/styles.css]
[carrental.themeinjection.com/theme/img/ico/apple-touch-icon-144-precomposed.png]
[carrental.themeinjection.com/theme/img/ico/apple-touch-icon-114-precomposed.png]
[carrental.themeinjection.com/theme/img/ico/apple-touch-icon-72-precomposed.png]
[carrental.themeinjection.com/theme/img/ico/apple-touch-icon-57-precomposed.png]
[carrental.themeinjection.com/theme/img/ico/favicon.png]
[carrental.themeinjection.com/theme/img/logo.gif]
[carrental.themeinjection.com/theme/img/flags/United-States.png]
[carrental.themeinjection.com/theme/img/flags/Germany.png]
[carrental.themeinjection.com/theme/img/flags/France.png]
[carrental.themeinjection.com/theme/blog-posts.html]
[carrental.themeinjection.com/theme/blog-single-post.html]
[carrental.themeinjection.com/theme/error404.html]
[carrental.themeinjection.com/theme/img/car1.png]
[carrental.themeinjection.com/theme/img/car2.png]
[carrental.themeinjection.com/theme/img/vehicle1.jpg]
[carrental.themeinjection.com/theme/img/vehicle2.jpg]
[carrental.themeinjection.com/theme/img/vehicle3.jpg]
[carrental.themeinjection.com/theme/img/vehicle4.jpg]
[carrental.themeinjection.com/theme/img/vehicle5.jpg]
[carrental.themeinjection.com/theme/img/vehicle6.jpg]
[carrental.themeinjection.com/theme/img/info-img.jpg]
[carrental.themeinjection.com/theme/img/partner1.png]
[carrental.themeinjection.com/theme/img/partner2.png]
[carrental.themeinjection.com/theme/img/partner3.png]
[carrental.themeinjection.com/theme/img/partner4.png]
[carrental.themeinjection.com/theme/img/contact-box-img1.jpg]
[carrental.themeinjection.com/theme/img/contact-box-img2.jpg]
[carrental.themeinjection.com/theme/img/contact-box-img3.jpg]
[carrental.themeinjection.com/theme/js/jquery.autocomplete.min.js]
[carrental.themeinjection.com/theme/js/jquery.placeholder.js]
[carrental.themeinjection.com/theme/js/locations-autocomplete.js]
[carrental.themeinjection.com/theme/js/bootstrap.min.js]
[carrental.themeinjection.com/theme/js/bootstrap-datepicker.js]
[carrental.themeinjection.com/theme/js/wow.min.js]
[carrental.themeinjection.com/theme/index.html]
[carrental.themeinjection.com/theme/js/custom.js]
[carrental.themeinjection.com/theme/js/gmap3.min.js]
[carrental.themeinjection.com/theme/fonts/glyphicons-halflings-regular.woff2]
[carrental.themeinjection.com/theme/js/jquery-1.11.0.min.js]
[carrental.themeinjection.com/theme/fonts/glyphicons-halflings-regular.woff]
[carrental.themeinjection.com/theme/fonts/glyphicons-halflings-regular.eot]
[carrental.themeinjection.com/theme/css/bootstrap.min.css]
[carrental.themeinjection.com/theme/fonts/glyphicons-halflings-regular.svg]
[carrental.themeinjection.com/theme/css/animate.css]
[carrental.themeinjection.com/theme/fonts/glyphicons-halflings-regulard41d.eot]
[carrental.themeinjection.com/theme/fonts/fontawesome-webfontba72.woff]
[carrental.themeinjection.com/theme/fonts/glyphicons-halflings-regular.ttf]
[carrental.themeinjection.com/theme/fonts/fontawesome-webfontba72.eot]
[carrental.themeinjection.com/theme/fonts/fontawesome-webfontba72.svg]
[carrental.themeinjection.com/theme/css/font-awesome.min.css]
[carrental.themeinjection.com/theme/css/datepicker.css]
[carrental.themeinjection.com/theme/fonts/fontawesome-webfontd41d.eot]
[carrental.themeinjection.com/theme/img/icon_top.png]
[carrental.themeinjection.com/theme/img/lang-select-icon.png]
[carrental.themeinjection.com/theme/img/dropdown-icon.png]
[carrental.themeinjection.com/theme/css/styles.css]
[carrental.themeinjection.com/theme/img/blog-post-img.jpg]
[carrental.themeinjection.com/theme/blog-single-post-2.html]
[carrental.themeinjection.com/theme/img/footer-logo.png]
[carrental.themeinjection.com/theme/img/footer-img1.jpg]
[carrental.themeinjection.com/theme/img/footer-img2.jpg]
[carrental.themeinjection.com/theme/fonts/fontawesome-webfontba72.ttf]
[carrental.themeinjection.com/theme/img/footer-img3.jpg]
[carrental.themeinjection.com/theme/img/footer-img4.jpg]
[carrental.themeinjection.com/theme/img/footer-img5.jpg]
[carrental.themeinjection.com/theme/img/footer-img6.jpg]
[carrental.themeinjection.com/theme/index-2.html]
[carrental.themeinjection.com/theme/js/style-switcher.js]
[carrental.themeinjection.com/theme/blog-posts.html]
[carrental.themeinjection.com/theme/img/blog-author.jpg]
[carrental.themeinjection.com/theme/img/comment-img1.jpg]
[carrental.themeinjection.com/theme/img/comment-img2.jpg]
[carrental.themeinjection.com/theme/img/comment-img3.jpg]
[carrental.themeinjection.com/theme/blog-single-post.html]
[carrental.themeinjection.com/theme/error404.html]
[carrental.themeinjection.com/theme/fonts/glyphicons-halflings-regular.svg]
[carrental.themeinjection.com/theme/fonts/fontawesome-webfontba72.svg]
[carrental.themeinjection.com/theme/blog-single-post-2.html]
[carrental.themeinjection.com/theme/index-2.html]
[carrental.themeinjection.com/theme/js/style-switcher.html]
