[demo.templateocean.com/premium/template/kane/layout-style-one/dark/image-bg/index.html]
[backblue.gif]
[fade.gif]
[index.html]
[demo.templateocean.com/premium/template/kane/files/images/apple-touch-icon.png]
[demo.templateocean.com/premium/template/kane/files/images/apple-touch-icon-72x72.png]
[demo.templateocean.com/premium/template/kane/files/images/apple-touch-icon-114x114.png]
[demo.templateocean.com/premium/template/kane/layout-style-one/dark/image-bg/css/bootstrap.min.css]
[demo.templateocean.com/premium/template/kane/layout-style-one/dark/image-bg/assets/elegant-icons/style.css]
[demo.templateocean.com/premium/template/kane/layout-style-one/dark/image-bg/assets/app-icons/styles.css]
[demo.templateocean.com/premium/template/kane/layout-style-one/dark/image-bg/css/owl.theme.css]
[demo.templateocean.com/premium/template/kane/layout-style-one/dark/image-bg/css/owl.carousel.css]
[demo.templateocean.com/premium/template/kane/layout-style-one/dark/image-bg/css/nivo-lightbox.css]
[demo.templateocean.com/premium/template/kane/layout-style-one/dark/image-bg/css/nivo_themes/default/default.css]
[demo.templateocean.com/premium/template/kane/layout-style-one/dark/image-bg/css/animate.min.css]
[demo.templateocean.com/premium/template/kane/layout-style-one/dark/image-bg/css/styles.css]
[demo.templateocean.com/premium/template/kane/layout-style-one/dark/image-bg/css/colors/blue.css]
[demo.templateocean.com/premium/template/kane/layout-style-one/dark/image-bg/css/colors/green.css]
[demo.templateocean.com/premium/template/kane/layout-style-one/dark/image-bg/css/colors/orange.css]
[demo.templateocean.com/premium/template/kane/layout-style-one/dark/image-bg/css/colors/purple.css]
[demo.templateocean.com/premium/template/kane/layout-style-one/dark/image-bg/css/colors/slate.css]
[demo.templateocean.com/premium/template/kane/layout-style-one/dark/image-bg/css/colors/yellow.css]
[demo.templateocean.com/premium/template/kane/layout-style-one/dark/image-bg/css/colors/red.css]
[demo.templateocean.com/premium/template/kane/layout-style-one/dark/image-bg/css/colors/blue-munsell.css]
[demo.templateocean.com/premium/template/kane/layout-style-one/dark/image-bg/css/responsive.css]
[demo.templateocean.com/premium/template/kane/layout-style-one/dark/image-bg/demo/demo.css]
[ajax.googleapis.com/ajax/libs/jquery/1.9.1/jquery.min.js]
[demo.templateocean.com/premium/template/kane/files/images/logo.png]
[demo.templateocean.com/premium/template/kane/files/images/single-iphone.png]
[demo.templateocean.com/premium/template/kane/files/images/2-iphone-left.png]
[demo.templateocean.com/premium/template/kane/files/images/2-iphone-right.png]
[demo.templateocean.com/premium/template/kane/files/images/clients-pic/3.jpg]
[demo.templateocean.com/premium/template/kane/files/images/clients-pic/1.jpg]
[demo.templateocean.com/premium/template/kane/files/images/clients-pic/2.jpg]
[demo.templateocean.com/premium/template/kane/files/images/screenshots/1.jpg]
[demo.templateocean.com/premium/template/kane/files/images/screenshots/2.jpg]
[demo.templateocean.com/premium/template/kane/files/images/screenshots/4.jpg]
[demo.templateocean.com/premium/template/kane/layout-style-one/dark/image-bg/js/smoothscroll.js]
[demo.templateocean.com/premium/template/kane/layout-style-one/dark/image-bg/js/jquery.scrollTo.min.js]
[demo.templateocean.com/premium/template/kane/layout-style-one/dark/image-bg/js/jquery.localScroll.min.js]
[demo.templateocean.com/premium/template/kane/layout-style-one/dark/image-bg/js/nivo-lightbox.min.js]
[demo.templateocean.com/premium/template/kane/layout-style-one/dark/image-bg/js/owl.carousel.min.js]
[demo.templateocean.com/premium/template/kane/layout-style-one/dark/image-bg/js/simple-expand.min.js]
[demo.templateocean.com/premium/template/kane/layout-style-one/dark/image-bg/js/wow.min.js]
[demo.templateocean.com/premium/template/kane/layout-style-one/dark/image-bg/js/retina-1.1.0.min.js]
[demo.templateocean.com/premium/template/kane/layout-style-one/dark/image-bg/js/jquery.stellar.min.js]
[demo.templateocean.com/premium/template/kane/layout-style-one/dark/image-bg/js/jquery.nav.js]
[demo.templateocean.com/premium/template/kane/layout-style-one/dark/image-bg/js/matchMedia.js]
[demo.templateocean.com/premium/template/kane/layout-style-one/dark/image-bg/js/jquery.ajaxchimp.min.js]
[demo.templateocean.com/premium/template/kane/layout-style-one/dark/image-bg/js/jquery.fitvids.js]
[demo.templateocean.com/premium/template/kane/layout-style-one/dark/image-bg/demo/styleswitcher.js]
[demo.templateocean.com/premium/template/kane/layout-style-one/dark/image-bg/js/custom.js]
[demo.templateocean.com/premium/template/kane/layout-style-one/dark/image-bg/demo/demo.js]
[demo.templateocean.com/premium/template/kane/layout-style-one/dark/image-bg/index.html]
[demo.templateocean.com/premium/template/kane/layout-style-one/dark/image-bg/fonts/glyphicons-halflings-regular.eot]
[demo.templateocean.com/premium/template/kane/layout-style-one/dark/image-bg/fonts/glyphicons-halflings-regular.woff]
[demo.templateocean.com/premium/template/kane/layout-style-one/dark/image-bg/fonts/glyphicons-halflings-regular.ttf]
[demo.templateocean.com/premium/template/kane/layout-style-one/dark/image-bg/fonts/glyphicons-halflings-regulard41d.eot]
[demo.templateocean.com/premium/template/kane/layout-style-one/dark/image-bg/fonts/glyphicons-halflings-regular.svg]
[demo.templateocean.com/premium/template/kane/layout-style-one/dark/image-bg/css/bootstrap.min.css]
[demo.templateocean.com/premium/template/kane/layout-style-one/dark/image-bg/assets/elegant-icons/fonts/ElegantIcons.eot]
[demo.templateocean.com/premium/template/kane/layout-style-one/dark/image-bg/assets/elegant-icons/fonts/ElegantIcons.ttf]
[demo.templateocean.com/premium/template/kane/layout-style-one/dark/image-bg/assets/elegant-icons/fonts/ElegantIconsd41d.eot]
[demo.templateocean.com/premium/template/kane/layout-style-one/dark/image-bg/assets/elegant-icons/fonts/ElegantIcons.svg]
[demo.templateocean.com/premium/template/kane/layout-style-one/dark/image-bg/assets/elegant-icons/fonts/ElegantIcons.woff]
[demo.templateocean.com/premium/template/kane/layout-style-one/dark/image-bg/assets/elegant-icons/style.css]
[demo.templateocean.com/premium/template/kane/layout-style-one/dark/image-bg/assets/app-icons/fonts/app-icons.eot]
[demo.templateocean.com/premium/template/kane/layout-style-one/dark/image-bg/assets/app-icons/fonts/app-iconsd41d.eot]
[demo.templateocean.com/premium/template/kane/layout-style-one/dark/image-bg/assets/app-icons/fonts/app-icons.woff]
[demo.templateocean.com/premium/template/kane/layout-style-one/dark/image-bg/assets/app-icons/fonts/app-icons.ttf]
[demo.templateocean.com/premium/template/kane/layout-style-one/dark/image-bg/assets/app-icons/fonts/app-icons.svg]
[demo.templateocean.com/premium/template/kane/layout-style-one/dark/image-bg/assets/app-icons/styles.css]
[demo.templateocean.com/premium/template/kane/layout-style-one/dark/image-bg/css/owl.theme.css]
[demo.templateocean.com/premium/template/kane/layout-style-one/dark/image-bg/css/owl.carousel.css]
[demo.templateocean.com/premium/template/kane/layout-style-one/dark/image-bg/css/nivo-lightbox.css]
[demo.templateocean.com/premium/template/kane/layout-style-one/dark/image-bg/css/nivo_themes/default/loading.gif]
[demo.templateocean.com/premium/template/kane/layout-style-one/dark/image-bg/css/nivo_themes/default/prev.png]
[demo.templateocean.com/premium/template/kane/layout-style-one/dark/image-bg/css/nivo_themes/default/next.png]
[demo.templateocean.com/premium/template/kane/layout-style-one/dark/image-bg/css/nivo_themes/default/close.png]
[demo.templateocean.com/premium/template/kane/layout-style-one/dark/image-bg/css/nivo_themes/default/loading@2x.gif]
[demo.templateocean.com/premium/template/kane/layout-style-one/dark/image-bg/css/nivo_themes/default/prev@2x.png]
[demo.templateocean.com/premium/template/kane/layout-style-one/dark/image-bg/css/nivo_themes/default/next@2x.png]
[demo.templateocean.com/premium/template/kane/layout-style-one/dark/image-bg/css/nivo_themes/default/close@2x.png]
[demo.templateocean.com/premium/template/kane/layout-style-one/dark/image-bg/css/nivo_themes/default/default.css]
[demo.templateocean.com/premium/template/kane/layout-style-one/dark/image-bg/css/animate.min.css]
[demo.templateocean.com/premium/template/kane/files/images/loading.gif]
[demo.templateocean.com/premium/template/kane/layout-style-one/dark/image-bg/fonts/lanenar_Lane.eot]
[demo.templateocean.com/premium/template/kane/layout-style-one/dark/image-bg/fonts/lanenar_Lane.woff]
[demo.templateocean.com/premium/template/kane/layout-style-one/dark/image-bg/fonts/lanenar_Laned41d.eot]
[demo.templateocean.com/premium/template/kane/layout-style-one/dark/image-bg/fonts/lanenar_Lane.ttf]
[demo.templateocean.com/premium/template/kane/layout-style-one/dark/image-bg/fonts/lanenar_Lane.svg]
[demo.templateocean.com/premium/template/kane/files/images/bg-1.jpg]
[demo.templateocean.com/premium/template/kane/files/images/bg-2.jpg]
[demo.templateocean.com/premium/template/kane/files/images/bg-3.jpg]
[demo.templateocean.com/premium/template/kane/layout-style-one/dark/image-bg/css/styles.css]
[demo.templateocean.com/premium/template/kane/layout-style-one/dark/image-bg/css/colors/blue.css]
[demo.templateocean.com/premium/template/kane/layout-style-one/dark/image-bg/css/colors/green.css]
[demo.templateocean.com/premium/template/kane/layout-style-one/dark/image-bg/css/colors/orange.css]
[demo.templateocean.com/premium/template/kane/layout-style-one/dark/image-bg/css/colors/purple.css]
[demo.templateocean.com/premium/template/kane/layout-style-one/dark/image-bg/css/colors/slate.css]
[demo.templateocean.com/premium/template/kane/layout-style-one/dark/image-bg/css/colors/yellow.css]
[demo.templateocean.com/premium/template/kane/layout-style-one/dark/image-bg/css/colors/red.css]
[demo.templateocean.com/premium/template/kane/layout-style-one/dark/image-bg/css/colors/blue-munsell.css]
[demo.templateocean.com/premium/template/kane/layout-style-one/dark/image-bg/css/responsive.css]
[demo.templateocean.com/premium/template/kane/layout-style-one/dark/image-bg/demo/demo.css]
[demo.templateocean.com/premium/template/kane/files/images/screenshots/3.jpg]
[demo.templateocean.com/premium/template/kane/layout-style-one/dark/image-bg/js/bootstrap.min.js]
[demo.templateocean.com/premium/template/kane/layout-style-one/dark/image-bg/fonts/glyphicons-halflings-regular.svg]
[demo.templateocean.com/premium/template/kane/layout-style-one/dark/image-bg/assets/elegant-icons/fonts/ElegantIcons.svg]
[demo.templateocean.com/premium/template/kane/layout-style-one/dark/image-bg/assets/app-icons/fonts/app-icons.svg]
[demo.templateocean.com/premium/template/kane/layout-style-one/dark/image-bg/css/AjaxLoader.html]
[demo.templateocean.com/premium/template/kane/layout-style-one/dark/image-bg/css/grabbing.html]
[demo.templateocean.com/premium/template/kane/layout-style-one/dark/image-bg/fonts/lanenar_Lane.svg]
